[Bootstrap]
SetupTitle=Install
SetupText=Copying Files, please stand by.
CabFile=InputOutputTransport.CAB
Spawn=Setup1.exe
Uninstal=st6unst.exe
TmpDir=msftqws.pdw
Cabs=1

[Bootstrap Files]
File1=@VB6STKIT.DLL,$(WinSysPathSysFile),,,7/15/00 1:00:00 AM,101888,6.0.84.50
File2=@COMCAT.DLL,$(WinSysPathSysFile),$(DLLSelfRegister),,5/31/98 1:00:00 AM,22288,4.71.1460.1
File3=@MSVCRT40.DLL,$(WinSysPathSysFile),,,6/1/99 1:00:00 AM,326656,4.22.0.0
File4=@STDOLE2.TLB,$(WinSysPathSysFile),$(TLBRegister),,6/3/99 1:00:00 AM,17920,2.40.4275.1
File5=@ASYCFILT.DLL,$(WinSysPathSysFile),,,3/8/99 1:00:00 AM,147728,2.40.4275.1
File6=@OLEPRO32.DLL,$(WinSysPathSysFile),$(DLLSelfRegister),,3/8/99 1:00:00 AM,164112,5.0.4275.1
File7=@OLEAUT32.DLL,$(WinSysPathSysFile),$(DLLSelfRegister),,4/12/00 1:00:00 AM,598288,2.40.4275.1
File8=@msvbvm60.dll,$(WinSysPathSysFile),$(DLLSelfRegister),,8/4/04 10:56:43 AM,1392671,6.0.96.90

[IconGroups]
Group0=DemoGROGPRO
PrivateGroup0=-1
Parent0=$(Programs)

[DemoGROGPRO]
Icon1="InputOutputTransport.exe"
Title1=DemoGROGPRO
StartIn1=$(AppPath)

[Setup]
Title=DemoGROGPRO
DefaultDir=$(ProgramFiles)\Server
AppExe=InputOutputTransport.exe
AppToUninstall=InputOutputTransport.exe

[Setup1 Files]
File1=@WorkBase.mdb,$(AppPath),,,5/14/05 4:44:06 PM,8237056,0.0.0.0
File2=@SettingsBase.mdb,$(AppPath),,$(Shared),5/14/05 4:45:10 PM,577536,0.0.0.0
File3=@TableTransport.dat,$(AppPath),,$(Shared),5/10/05 12:05:20 PM,688,0.0.0.0
File4=@TableTime1.dat,$(AppPath),,,5/19/99 4:22:58 AM,112,0.0.0.0
File5=@TableTime0.dat,$(AppPath),,,5/19/99 4:28:20 AM,56,0.0.0.0
File6=@TableTerminal2.dat,$(AppPath),,,6/9/00 11:38:16 PM,88,0.0.0.0
File7=@TableTerminal1.dat,$(AppPath),,,5/26/99 2:55:06 AM,88,0.0.0.0
File8=@TableTerminal0.dat,$(AppPath),,,9/18/03 10:00:10 PM,4620,0.0.0.0
File9=@TablePerson.dat,$(AppPath),,$(Shared),5/13/05 7:24:47 PM,143052,0.0.0.0
File10=@TableInfo.dat,$(AppPath),,$(Shared),5/14/05 4:17:23 PM,1020096,0.0.0.0
File11=@TableCalendar1.dat,$(AppPath),,,1/17/05 4:45:56 PM,2592,0.0.0.0
File12=@TableCalendar0.dat,$(AppPath),,,1/17/05 4:45:56 PM,2592,0.0.0.0
File13=@TableSystem.dat,$(AppPath),,,5/16/05 6:15:15 PM,6816,0.0.0.0
File14=@MSMASK32.OCX,$(WinSysPath),$(DLLSelfRegister),$(Shared),5/22/00 12:00:00 AM,166600,6.0.84.18
File15=@MSSTDFMT.DLL,$(WinSysPath),$(DLLSelfRegister),$(Shared),7/15/00 12:00:00 AM,118784,6.0.88.4
File16=@MSDATGRD.OCX,$(WinSysPath),$(DLLSelfRegister),$(Shared),12/6/00 12:00:00 AM,262328,6.0.89.88
File17=@MSADODC.OCX,$(WinSysPath),$(DLLSelfRegister),$(Shared),5/22/00 12:00:00 AM,118976,6.0.88.4
File18=@mscomct2.ocx,$(WinSysPath),$(DLLSelfRegister),$(Shared),5/28/02 9:19:57 PM,647872,6.0.88.4
File19=@MSCAL.OCX,$(WinSysPath),$(DLLSelfRegister),$(Shared),2/1/01 11:32:20 PM,114688,10.0.0.2601
File20=@MSFLXGRD.OCX,$(WinSysPath),$(DLLSelfRegister),$(Shared),5/22/00 1:00:00 AM,244416,6.0.84.18
File21=@MSCOMM32.OCX,$(WinSysPath),$(DLLSelfRegister),$(Shared),6/24/98 9:00:00 AM,103744,6.0.81.69
File22=@msvcrt.dll,$(WinSysPathSysFile),,,8/4/04 10:56:43 AM,343040,7.0.2600.2180
File23=@scrrun.dll,$(WinSysPath),$(DLLSelfRegister),$(Shared),8/4/04 10:56:44 AM,151552,5.6.0.8820
File24=@msado25.tlb,$(WinSysPath),,$(Shared),8/4/04 8:21:43 AM,81920,2.81.1117.0
File25=@MSBIND.DLL,$(WinSysPath),$(DLLSelfRegister),$(Shared),7/15/00 12:00:00 AM,77824,6.0.88.62
File26=@VB5DB.DLL,$(WinSysPath),,$(Shared),6/18/98 1:00:00 AM,89360,6.0.81.69
File27=@msrepl35.dll,$(WinSysPathSysFile),,,5/28/02 9:25:11 PM,415504,3.51.3225.0
File28=@Msrd2x35.dll,$(WinSysPathSysFile),$(DLLSelfRegister),,5/28/02 9:25:14 PM,252176,3.51.623.0
File29=@expsrv.dll,$(WinSysPathSysFile),,,8/4/04 10:56:42 AM,380957,6.0.72.9589
File30=@vbajet32.dll,$(WinSysPathSysFile),,,8/4/04 10:56:46 AM,30749,6.0.1.9431
File31=@msjint35.dll,$(WinSysPathSysFile),,,5/28/02 9:25:13 PM,123664,3.51.623.0
File32=@msjter35.dll,$(WinSysPathSysFile),,,5/28/02 9:25:13 PM,24848,3.51.623.0
File33=@msjet35.dll,$(WinSysPathSysFile),$(DLLSelfRegister),,5/28/02 9:25:14 PM,1050896,3.51.3328.0
File34=@Dao350.dll,$(MSDAOPath),$(DLLSelfRegister),$(Shared),5/28/02 9:25:08 PM,570128,3.51.1608.0
File35=@Dao2535.tlb,$(MSDAOPath),$(TLBRegister),$(Shared),4/2/01 8:22:34 PM,73184,0.0.0.0
File36=@mqoa20.tlb,$(WinSysPath),,$(Shared),8/18/01 3:00:00 PM,55296,5.1.0.1020
File37=@InputOutputTransport.exe,$(AppPath),,,5/16/05 7:09:36 PM,3469312,1.0.0.0

; The following lines may be deleted in order to obtain extra 
; space for customizing this file on a full installation diskette.
; 
; XXXXXXXXXXXXXXXXXXXXXXXXXXXXXXXXXXXXXXXXXXXXXXXXXXXXXXXXXXXX
; XXXXXXXXXXXXXXXXXXXXXXXXXXXXXXXXXXXXXXXXXXXXXXXXXXXXXXXXXXXX
; XXXXXXXXXXXXXXXXXXXXXXXXXXXXXXXXXXXXXXXXXXXXXXXXXXXXXXXXXXXX
; XXXXXXXXXXXXXXXXXXXXXXXXXXXXXXXXXXXXXXXXXXXXXXXXXXXXXXXXXXXX
; XXXXXXXXXXXXXXXXXXXXXXXXXXXXXXXXXXXXXXXXXXXXXXXXXXXXXXXXXXXX
; XXXXXXXXXXXXXXXXXXXXXXXXXXXXXXXXXXXXXXXXXXXXXXXXXXXXXXXXXXXX
; XXXXXXXXXXXXXXXXXXXXXXXXXXXXXXXXXXXXXXXXXXXXXXXXXXXXXXXXXXXX
; XXXXXXXXXXXXXXXXXXXXXXXXXXXXXXXXXXXXXXXXXXXXXXXXXXXXXXXXXXXX
; XXXXXXXXXXXXXXXXXXXXXXXXXXXXXXXXXXXXXXXXXXXXXXXXXXXXXXXXXXXX
; XXXXXXXXXXXXXXXXXXXXXXXXXXXXXXXXXXXXXXXXXXXXXXXXXXXXXXXXXXXX
; XXXXXXXXXXXXXXXXXXXXXXXXXXXXXXXXXXXXXXXXXXXXXXXXXXXXXXXXXXXX
; XXXXXXXXXXXXXXXXXXXXXXXXXXXXXXXXXXXXXXXXXXXXXXXXXXXXXXXXXXXX
; XXXXXXXXXXXXXXXXXXXXXXXXXXXXXXXXXXXXXXXXXXXXXXXXXXXXXXXXXXXX
; XXXXXXXXXXXXXXXXXXXXXXXXXXXXXXXXXXXXXXXXXXXXXXXXXXXXXXXXXXXX
; XXXXXXXXXXXXXXXXXXXXXXXXXXXXXXXXXXXXXXXXXXXXXXXXXXXXXXXXXXXX
; XXXXXXXXXXXXXXXXXXXXXXXXXXXXXXXXXXXXXXXXXXXXXXXXXXXXXXXXXXXX
; XXXXXXXXXXXXXXXXXXXXXXXXXXXXXXXXXXXXXXXXXXXXXXXXXXXXXXXXXXXX
; XXXXXXXXXXXXXXXXXXXXXXXXXXXXXXXXXXXXXXXXXXXXXXXXXXXXXXXXXXXX
; XXXXXXXXXXXXXXXXXXXXXXXXXXXXXXXXXXXXXXXXXXXXXXXXXXXXXXXXXXXX
; XXXXXXXXXXXXXXXXXXXXXXXXXXXXXXXXXXXXXXXXXXXXXXXXXXXXXXXXXXXX
; XXXXXXXXXXXXXXXXXXXXXXXXXXXXXXXXXXXXXXXXXXXXXXXXXXXXXXXXXXXX
; XXXXXXXXXXXXXXXXXXXXXXXXXXXXXXXXXXXXXXXXXXXXXXXXXXXXXXXXXXXX
; XXXXXXXXXXXXXXXXXXXXXXXXXXXXXXXXXXXXXXXXXXXXXXXXXXXXXXXXXXXX
; XXXXXXXXXXXXXXXXXXXXXXXXXXXXXXXXXXXXXXXXXXXXXXXXXXXXXXXXXXXX
; XXXXXXXXXXXXXXXXXXXXXXXXXXXXXXXXXXXXXXXXXXXXXXXXXXXXXXXXXXXX
; XXXXXXXXXXXXXXXXXXXXXXXXXXXXXXXXXXXXXXXXXXXXXXXXXXXXXXXXXXXX
; XXXXXXXXXXXXXXXXXXXXXXXXXXXXXXXXXXXXXXXXXXXXXXXXXXXXXXXXXXXX
; XXXXXXXXXXXXXXXXXXXXXXXXXXXXXXXXXXXXXXXXXXXXXXXXXXXXXXXXXXXX
; XXXXXXXXXXXXXXXXXXXXXXXXXXXXXXXXXXXXXXXXXXXXXXXXXXXXXXXXXXXX
; XXXXXXXXXXXXXXXXXXXXXXXXXXXXXXXXXXXXXXXXXXXXXXXXXXXXXXXXXXXX
; XXXXXXXXXXXXXXXXXXXXXXXXXXXXXXXXXXXXXXXXXXXXXXXXXXXXXXXXXXXX
; XXXXXXXXXXXXXXXXXXXXXXXXXXXXXXXXXXXXXXXXXXXXXXXXXXXXXXXXXXXX
; XXXXXXXXXXXXXXXXXXXXXXXXXXXXXXXXXXXXXXXXXXXXXXXXXXXXXXXXXXXX
; XXXXXXXXXXXXXXXXXXXXXXXXXXXXXXXXXXXXXXXXXXXXXXXXXXXXXXXXXXXX
; XXXXXXXXXXXXXXXXXXXXXXXXXXXXXXXXXXXXXXXXXXXXXXXXXXXXXXXXXXXX
